2019-11-05T00:11:55.828Z        INFO    instance/beat.go:606    Home path: [/usr/share/metricbeat] Config path: [/usr/share/metricbeat] Data path: [/usr/share/metricbeat/data] Logs path: [/usr/share/metricbeat/logs]
2019-11-05T00:11:55.831Z        INFO    instance/beat.go:614    Beat ID: a0cb78db-ca53-4894-b0c4-e910a1856faf
2019-11-05T00:11:55.832Z        INFO    [seccomp]       seccomp/seccomp.go:124  Syscall filter successfully installed
2019-11-05T00:11:55.832Z        INFO    [beat]  instance/beat.go:902    Beat info       {"system_info": {"beat": {"path": {"config": "/usr/share/metricbeat", "data": "/usr/share/metricbeat/data", "home": "/usr/share/metricbeat", "logs": "/usr/share/metricbeat/logs"}, "type": "metricbeat", "uuid": "a0cb78db-ca53-4894-b0c4-e910a1856faf"}}}
2019-11-05T00:11:55.832Z        INFO    [beat]  instance/beat.go:911    Build info      {"system_info": {"build": {"commit": "a4be71b90ce3e3b8213b616adfcd9e455513da45", "libbeat": "7.3.1", "time": "2019-08-19T19:20:02.000Z", "version": "7.3.1"}}}
2019-11-05T00:11:55.832Z        INFO    [beat]  instance/beat.go:914    Go runtime info {"system_info": {"go": {"os":"linux","arch":"amd64","max_procs":2,"version":"go1.12.4"}}}
2019-11-05T00:11:55.834Z        INFO    [beat]  instance/beat.go:918    Host info       {"system_info": {"host": {"architecture":"x86_64","boot_time":"2019-11-03T22:40:13Z","containerized":false,"name":"ip-10-30-169-96.eu-west-1.compute.internal","ip":["127.0.0.1/8","::1/128","10.30.169.96/18","fe80::49d:1aff:fe7c:fa82/64","fe80::4827:18ff:fee7:c08c/64","fe80::8811:85ff:feca:ad4/64","fe80::686c:2eff:fe15:4062/64","10.30.142.159/18","fe80::434:63ff:fe4e:ca4a/64","fe80::dcfb:36ff:fe34:2196/64","fe80::705e:8fff:fe41:e8f7/64"],"kernel_version":"4.14.146-119.123.amzn2.x86_64","mac":["06:9d:1a:7c:fa:82","4a:27:18:e7:c0:8c","8a:11:85:ca:0a:d4","6a:6c:2e:15:40:62","06:34:63:4e:ca:4a","de:fb:36:34:21:96","72:5e:8f:41:e8:f7"],"os":{"family":"redhat","platform":"centos","name":"CentOS Linux","version":"7 (Core)","major":7,"minor":6,"patch":1810,"codename":"Core"},"timezone":"UTC","timezone_offset_sec":0}}}
2019-11-05T00:11:55.834Z        INFO    [beat]  instance/beat.go:947    Process info    {"system_info": {"process": {"capabilities": {"inheritable":["chown","dac_override","fowner","fsetid","kill","setgid","setuid","setpcap","net_bind_service","net_raw","sys_chroot","mknod","audit_write","setfcap"],"permitted":["chown","dac_override","fowner","fsetid","kill","setgid","setuid","setpcap","net_bind_service","net_raw","sys_chroot","mknod","audit_write","setfcap"],"effective":["chown","dac_override","fowner","fsetid","kill","setgid","setuid","setpcap","net_bind_service","net_raw","sys_chroot","mknod","audit_write","setfcap"],"bounding":["chown","dac_override","fowner","fsetid","kill","setgid","setuid","setpcap","net_bind_service","net_raw","sys_chroot","mknod","audit_write","setfcap"],"ambient":null}, "cwd": "/usr/share/metricbeat", "exe": "/usr/share/metricbeat/metricbeat", "name": "metricbeat", "pid": 1, "ppid": 0, "seccomp": {"mode":"filter","no_new_privs":true}, "start_time": "2019-11-05T00:11:55.330Z"}}}
2019-11-05T00:11:55.834Z        INFO    instance/beat.go:292    Setup Beat: metricbeat; Version: 7.3.1
2019-11-05T00:11:55.834Z        INFO    [index-management]      idxmgmt/std.go:178      Set output.elasticsearch.index to 'metricbeat-7.3.1' as ILM is enabled.
2019-11-05T00:11:55.835Z        INFO    elasticsearch/client.go:170     Elasticsearch url: https://vpc-aes-lab-domain-frgldwstq72xq6kppe2g4ecym4.eu-west-1.es.amazonaws.com:443
2019-11-05T00:11:55.835Z        INFO    [publisher]     pipeline/module.go:97   Beat name: ip-10-30-169-96.eu-west-1.compute.internal
2019-11-05T00:11:55.835Z        INFO    [monitoring]    log/log.go:118  Starting metrics logging every 30s
2019-11-05T00:11:55.835Z        INFO    kibana/client.go:117    Kibana url: https://vpc-aes-lab-domain-frgldwstq72xq6kppe2g4ecym4.eu-west-1.es.amazonaws.com:443/_plugin/kibana
2019-11-05T00:11:55.904Z        INFO    add_cloud_metadata/add_cloud_metadata.go:351    add_cloud_metadata: hosting provider type detected as aws, metadata={"account":{"id":"309064137313"},"availability_zone":"eu-west-1a","image":{"id":"ami-059c6874350e63ca9"},"instance":{"id":"i-0d2677bed169606b1"},"machine":{"type":"t3.medium"},"provider":"aws","region":"eu-west-1"}
2019-11-05T00:11:56.187Z        INFO    kibana/client.go:117    Kibana url: https://vpc-aes-lab-domain-frgldwstq72xq6kppe2g4ecym4.eu-west-1.es.amazonaws.com:443/_plugin/kibana
2019-11-05T00:12:25.837Z        INFO    [monitoring]    log/log.go:145  Non-zero metrics in the last 30s        {"monitoring": {"metrics": {"beat":{"cpu":{"system":{"ticks":40,"time":{"ms":44}},"total":{"ticks":480,"time":{"ms":489},"value":480},"user":{"ticks":440,"time":{"ms":445}}},"handles":{"limit":{"hard":65536,"soft":65536},"open":7},"info":{"ephemeral_id":"6ab68169-d66c-4212-bf56-f6aa036e5e2f","uptime":{"ms":30039}},"memstats":{"gc_next":8085744,"memory_alloc":5345208,"memory_total":81601792,"rss":53149696},"runtime":{"goroutines":18}},"libbeat":{"config":{"module":{"running":0}},"output":{"type":"elasticsearch"},"pipeline":{"clients":0,"events":{"active":0}}},"system":{"cpu":{"cores":2},"load":{"1":0.08,"15":0.06,"5":0.04,"norm":{"1":0.04,"15":0.03,"5":0.02}}}}}}
2019-11-05T00:12:28.292Z        INFO    instance/beat.go:776    Kibana dashboards successfully loaded.
2019-11-05T00:12:28.292Z        INFO    instance/beat.go:421    metricbeat start running.
2019-11-05T00:12:28.294Z        INFO    kubernetes/util.go:71   kubernetes: Using node ip-10-30-169-96.eu-west-1.compute.internal provided in the config
2019-11-05T00:12:28.294Z        INFO    kubernetes/util.go:71   kubernetes: Using node ip-10-30-169-96.eu-west-1.compute.internal provided in the config
2019-11-05T00:12:28.298Z        INFO    filesystem/filesystem.go:57     Ignoring filesystem types: sysfs, rootfs, ramfs, bdev, proc, cpuset, cgroup, cgroup2, tmpfs, devtmpfs, debugfs, tracefs, securityfs, sockfs, bpf, pipefs, hugetlbfs, devpts, pstore, mqueue, autofs, rpc_pipefs, overlay
2019-11-05T00:12:28.298Z        INFO    [system.fsstat] fsstat/fsstat.go:56     Ignoring filesystem types: %ssysfs, rootfs, ramfs, bdev, proc, cpuset, cgroup, cgroup2, tmpfs, devtmpfs, debugfs, tracefs, securityfs, sockfs, bpf, pipefs, hugetlbfs, devpts, pstore, mqueue, autofs, rpc_pipefs, overlay
2019-11-05T00:12:28.298Z        INFO    cfgfile/reload.go:171   Config reloader started
2019-11-05T00:12:28.302Z        INFO    kubernetes/util.go:71   kubernetes: Using node ip-10-30-169-96.eu-west-1.compute.internal provided in the config
2019-11-05T00:12:28.302Z        INFO    kubernetes/util.go:71   kubernetes: Using node ip-10-30-169-96.eu-west-1.compute.internal provided in the config
2019-11-05T00:12:28.305Z        INFO    filesystem/filesystem.go:57     Ignoring filesystem types: sysfs, rootfs, ramfs, bdev, proc, cpuset, cgroup, cgroup2, tmpfs, devtmpfs, debugfs, tracefs, securityfs, sockfs, bpf, pipefs, hugetlbfs, devpts, pstore, mqueue, autofs, rpc_pipefs, overlay
2019-11-05T00:12:28.305Z        INFO    [system.fsstat] fsstat/fsstat.go:56     Ignoring filesystem types: %ssysfs, rootfs, ramfs, bdev, proc, cpuset, cgroup, cgroup2, tmpfs, devtmpfs, debugfs, tracefs, securityfs, sockfs, bpf, pipefs, hugetlbfs, devpts, pstore, mqueue, autofs, rpc_pipefs, overlay
2019-11-05T00:12:28.305Z        INFO    cfgfile/reload.go:226   Loading of config files completed.
2019-11-05T00:12:28.305Z        INFO    kubernetes/watcher.go:182       kubernetes: Performing a resource sync for *v1.NodeList
2019-11-05T00:12:28.305Z        INFO    kubernetes/watcher.go:182       kubernetes: Performing a resource sync for *v1.PodList
2019-11-05T00:12:28.306Z        INFO    kubernetes/watcher.go:182       kubernetes: Performing a resource sync for *v1.PodList
2019-11-05T00:12:28.354Z        INFO    kubernetes/watcher.go:198       kubernetes: Resource sync done
2019-11-05T00:12:28.356Z        INFO    kubernetes/watcher.go:242       kubernetes: Watching API for resource events
2019-11-05T00:12:28.356Z        INFO    kubernetes/watcher.go:198       kubernetes: Resource sync done
2019-11-05T00:12:28.357Z        INFO    kubernetes/watcher.go:198       kubernetes: Resource sync done
2019-11-05T00:12:28.357Z        INFO    kubernetes/watcher.go:242       kubernetes: Watching API for resource events
2019-11-05T00:12:28.357Z        INFO    kubernetes/watcher.go:242       kubernetes: Watching API for resource events
2019-11-05T00:12:29.333Z        INFO    pipeline/output.go:95   Connecting to backoff(elasticsearch(https://vpc-aes-lab-domain-frgldwstq72xq6kppe2g4ecym4.eu-west-1.es.amazonaws.com:443))
2019-11-05T00:12:29.344Z        INFO    elasticsearch/client.go:743     Attempting to connect to Elasticsearch version 6.3.1
2019-11-05T00:12:29.383Z        INFO    template/load.go:88     Template metricbeat-7.3.1 already exists and will not be overwritten.
2019-11-05T00:12:29.383Z        INFO    [index-management]      idxmgmt/std.go:289      Loaded index template.
2019-11-05T00:12:29.385Z        INFO    pipeline/output.go:105  Connection to backoff(elasticsearch(https://vpc-aes-lab-domain-frgldwstq72xq6kppe2g4ecym4.eu-west-1.es.amazonaws.com:443)) established
2019-11-05T00:12:55.837Z        INFO    [monitoring]    log/log.go:145  Non-zero metrics in the last 30s        {"monitoring": {"metrics": {"beat":{"cpu":{"system":{"ticks":110,"time":{"ms":74}},"total":{"ticks":730,"time":{"ms":250},"value":730},"user":{"ticks":620,"time":{"ms":176}}},"handles":{"limit":{"hard":65536,"soft":65536},"open":12},"info":{"ephemeral_id":"6ab68169-d66c-4212-bf56-f6aa036e5e2f","uptime":{"ms":60039}},"memstats":{"gc_next":10768560,"memory_alloc":5764120,"memory_total":123893568,"rss":5361664},"runtime":{"goroutines":60}},"libbeat":{"config":{"module":{"running":0},"reloads":1},"output":{"events":{"acked":98,"batches":3,"total":98},"read":{"bytes":23586},"write":{"bytes":141078}},"pipeline":{"clients":4,"events":{"active":0,"filtered":1,"published":98,"retry":36,"total":99},"queue":{"acked":98}}},"metricbeat":{"kubernetes":{"container":{"events":3,"failures":3},"node":{"events":3,"failures":3},"pod":{"events":3,"failures":3},"proxy":{"events":15,"success":15},"system":{"events":3,"failures":3},"volume":{"events":3,"failures":3}},"system":{"cpu":{"events":3,"success":3},"diskio":{"events":9,"success":9},"filesystem":{"events":1,"success":1},"fsstat":{"events":1,"success":1},"load":{"events":3,"success":3},"memory":{"events":3,"success":3},"network":{"events":24,"success":24},"process":{"events":22,"success":22},"process_summary":{"events":3,"success":3}}},"system":{"load":{"1":0.32,"15":0.07,"5":0.1,"norm":{"1":0.16,"15":0.035,"5":0.05}}}}}}
